=== tsc ===
tsc_exit:0
=== vitest ===

> figma-make-app@1.0.0 test /Volumes/T7 Shield/Projects/neighborly
> vitest run


 RUN  v5.0.1 /Volumes/T7 Shield/Projects/neighborly


 Test Files  8 passed (8)
      Tests  51 passed (51)
   Start at  15:04:43
   Duration  4.94s (environment 61%, tests 21%, import 11%, transform 7%)

    Isolate  8 workers spawned · ~1.90s startup each (spawn + environment, per file)
             at least ~271ms faster with isolate: false — reuses workers across files instead of one per file

vitest_exit:0
=== vite build ===

> figma-make-app@1.0.0 build /Volumes/T7 Shield/Projects/neighborly
> vite build

vite v8.0.5 building client environment for production...
[2Ktransforming...✓ 40 modules transformed.
rendering chunks...
computing gzip size...
dist/robots.txt                   0.02 kB │ gzip:   0.04 kB
dist/index.html                   0.90 kB │ gzip:   0.42 kB
dist/assets/index-Bl-FQVg9.css   56.78 kB │ gzip:  10.25 kB
dist/assets/index-N4qicXSn.js   801.32 kB │ gzip: 193.49 kB

✓ built in 1.03s
[plugin builtin:vite-reporter] 
(!) Some chunks are larger than 500 kB after minification. Consider:
- Using dynamic import() to code-split the application
- Use build.rolldownOptions.output.codeSplitting to improve chunking: https://rolldown.rs/reference/OutputOptions.codeSplitting
- Adjust chunk size limit for this warning via build.chunkSizeWarningLimit.
build_exit:0
