=== GET /api/v1/health ===
HTTP/1.1 200 OK
Content-Security-Policy: default-src 'self';base-uri 'self';font-src 'self' https: data:;form-action 'self';frame-ancestors 'self';img-src 'self' data:;object-src 'none';script-src 'self';script-src-attr 'none';style-src 'self' https: 'unsafe-inline';upgrade-insecure-requests
Cross-Origin-Opener-Policy: same-origin
Cross-Origin-Resource-Policy: same-origin
Origin-Agent-Cluster: ?1
Referrer-Policy: no-referrer
Strict-Transport-Security: max-age=31536000; includeSubDomains
X-Content-Type-Options: nosniff
X-DNS-Prefetch-Control: off
X-Download-Options: noopen
X-Frame-Options: SAMEORIGIN
X-Permitted-Cross-Domain-Policies: none
X-XSS-Protection: 0
Vary: Origin
Content-Type: application/json; charset=utf-8
Content-Length: 81
ETag: W/"51-AoxZYCgsveDwjiIfIyD0fgoJoO8"
Date: Wed, 23 Sep 2026 19:10:17 GMT
Connection: keep-alive
Keep-Alive: timeout=5

{"status":"ok","service":"neighborly-api","timestamp":"2026-09-23T19:10:17.905Z"}
health_curl_exit:0
=== GET /api/v1/ready ===
HTTP/1.1 200 OK
Content-Security-Policy: default-src 'self';base-uri 'self';font-src 'self' https: data:;form-action 'self';frame-ancestors 'self';img-src 'self' data:;object-src 'none';script-src 'self';script-src-attr 'none';style-src 'self' https: 'unsafe-inline';upgrade-insecure-requests
Cross-Origin-Opener-Policy: same-origin
Cross-Origin-Resource-Policy: same-origin
Origin-Agent-Cluster: ?1
Referrer-Policy: no-referrer
Strict-Transport-Security: max-age=31536000; includeSubDomains
X-Content-Type-Options: nosniff
X-DNS-Prefetch-Control: off
X-Download-Options: noopen
X-Frame-Options: SAMEORIGIN
X-Permitted-Cross-Domain-Policies: none
X-XSS-Protection: 0
Vary: Origin
Content-Type: application/json; charset=utf-8
Content-Length: 51
ETag: W/"33-elmH0vDbwtPf5cbzfCY3zFIjDqs"
Date: Wed, 23 Sep 2026 19:10:18 GMT
Connection: keep-alive
Keep-Alive: timeout=5

{"status":"ready","dependencies":{"postgres":"up"}}
ready_curl_exit:0
