=== health ===
HTTP/1.1 200 OK
Content-Security-Policy: default-src 'self';base-uri 'self';font-src 'self' https: data:;form-action 'self';frame-ancestors 'self';img-src 'self' data:;object-src 'none';script-src 'self';script-src-attr 'none';style-src 'self' https: 'unsafe-inline';upgrade-insecure-requests
Cross-Origin-Opener-Policy: same-origin
Cross-Origin-Resource-Policy: same-origin
Origin-Agent-Cluster: ?1
Referrer-Policy: no-referrer
Strict-Transport-Security: max-age=31536000; includeSubDomains
X-Content-Type-Options: nosniff
X-DNS-Prefetch-Control: off
X-Download-Options: noopen
X-Frame-Options: SAMEORIGIN
X-Permitted-Cross-Domain-Policies: none
X-XSS-Protection: 0
Vary: Origin
Content-Type: application/json; charset=utf-8
Content-Length: 81
ETag: W/"51-subC6dK9CL1JxUkyZf0g2mIe1N8"
Date: Wed, 23 Sep 2026 19:50:45 GMT
Connection: keep-alive
Keep-Alive: timeout=5

{"status":"ok","service":"neighborly-api","timestamp":"2026-09-23T19:50:45.073Z"}
=== ready ===
HTTP/1.1 200 OK
Content-Security-Policy: default-src 'self';base-uri 'self';font-src 'self' https: data:;form-action 'self';frame-ancestors 'self';img-src 'self' data:;object-src 'none';script-src 'self';script-src-attr 'none';style-src 'self' https: 'unsafe-inline';upgrade-insecure-requests
Cross-Origin-Opener-Policy: same-origin
Cross-Origin-Resource-Policy: same-origin
Origin-Agent-Cluster: ?1
Referrer-Policy: no-referrer
Strict-Transport-Security: max-age=31536000; includeSubDomains
X-Content-Type-Options: nosniff
X-DNS-Prefetch-Control: off
X-Download-Options: noopen
X-Frame-Options: SAMEORIGIN
X-Permitted-Cross-Domain-Policies: none
X-XSS-Protection: 0
Vary: Origin
Content-Type: application/json; charset=utf-8
Content-Length: 51
ETag: W/"33-elmH0vDbwtPf5cbzfCY3zFIjDqs"
Date: Wed, 23 Sep 2026 19:50:45 GMT
Connection: keep-alive
Keep-Alive: timeout=5

{"status":"ready","dependencies":{"postgres":"up"}}
=== listings ===
HTTP/1.1 200 OK
Content-Security-Policy: default-src 'self';base-uri 'self';font-src 'self' https: data:;form-action 'self';frame-ancestors 'self';img-src 'self' data:;object-src 'none';script-src 'self';script-src-attr 'none';style-src 'self' https: 'unsafe-inline';upgrade-insecure-requests
Cross-Origin-Opener-Policy: same-origin
Cross-Origin-Resource-Policy: same-origin
Origin-Agent-Cluster: ?1
Referrer-Policy: no-referrer
Strict-Transport-Security: max-age=31536000; includeSubDomains
X-Content-Type-Options: nosniff
X-DNS-Prefetch-Control: off
X-Download-Options: noopen
X-Frame-Options: SAMEORIGIN
X-Permitted-Cross-Domain-Policies: none
X-XSS-Protection: 0
Vary: Origin
Content-Type: application/json; charset=utf-8
Content-Length: 12491
ETag: W/"30cb-UNXU9ZX4hDgAhoDEN4pp/1ZCsPY"
Date: Wed, 23 Sep 2026 19:50:45 GMT
Connection: keep-alive
Keep-Alive: timeout=5

[{"id":"60000000-0000-4000-8000-000000000001","sellerId":"10000000-0000-4000-8000-000000000002","categoryId":"4d101bae-c2bf-4f1b-8026-936e3c565757","title":"Walnut mid-century dining table","description":"Solid walnut table for six from an Inman Park dining room. A few faint water rings on the top. No chairs. Pickup from a ground-floor unit near the BeltLine.","priceCents":42500,"condition":"Like New","status":"PUBLISHED","neighborhood":"Inman Park","city":"Atlanta","radiusMiles":null,"pickupAvailable":true,"deliveryAvailable":false,"shippingAvailable":false,"createdAt":"2026-09-23T16:00:00.000Z","updatedAt":"2026-09-23T19:50:40.759Z","deletedAt":null,"category":{"id":"4d101bae-c2bf-4f1b-8026-936e3c565757","name":"Furniture","slug":"furniture","createdAt":"2026-09-23T19:04:45.293Z"},"seller":{"id":"10000000-0000-4000-8000-000000000002","profile":{"displayName":"Priya Patel","firstName":"Priya","neighborhood":"Inman Park","city":"Atlanta"}},"images":[{"id":"61000000-0000-4000-8000-000000000001","listingId":"60000000-0000-4000-8000-000000000001","objectKey":"photo-1555041469-a586c61ea9bc","sortOrder":0,"createdAt":"2026-09-23T19:50:40.784Z"},{"id":"61000000-0000-4000-8000-000000000002","listingId":"60000000-0000-4000-8000-000000000001","objectKey":"photo-1493663284031-b7e3aefcae8e","sortOrder":1,"createdAt":"2026-09-23T19:50:40.789Z"}]},{"id":"60000000-0000-4000-8000-000000000002","sellerId":"10000000-0000-4000-8000-000000000003","categoryId":"18a5b53d-5bb9-46bb-b1d9-d3f32ed6b7fd","title":"iPhone 14 Pro 128GB, unlocked","description":"Unlocked iPhone 14 Pro in deep purple. Battery health 89 percent. Includes the original box and a cable. Screen has a light case scratch, no cracks.","priceCents":48000,"condition":"Good","status":"PUBLISHED","neighborhood":"Midtown","city":"Atlanta","radiusMiles":null,"pickupAvailable":true,"deliveryAvailable":false,"shippingAvailable":false,"createdAt":"2026-09-23T15:00:00.000Z","updatedAt":"2026-09-23T19:50:40.790Z","deletedAt":null,"category":{"id":"18a5b53d-5bb9-46bb-b1d9-d3f32ed6b7fd","name":"Electronics","slug":"electronics","createdAt":"2026-09-23T19:04:45.376Z"},"seller":{"id":"10000000-0000-4000-8000-000000000003","profile":{"displayName":"David Chen","firstName":"David","neighborhood":"Midtown","city":"Atlanta"}},"images":[{"id":"61000000-0000-4000-8000-00000000000b","listingId":"60000000-0000-4000-8000-000000000002","objectKey":"photo-1591337676887-a217a6970a8a","sortOrder":0,"createdAt":"2026-09-23T19:50:40.792Z"},{"id":"61000000-0000-4000-8000-00000000000c","listingId":"60000000-0000-4000-8000-000000000002","objectKey":"photo-1556656793-08538906a9f8","sortOrder":1,"createdAt":"2026-09-23T19:50:40.793Z"}]},{"id":"60000000-0000-4000-8000-000000000003","sellerId":"10000000-0000-4000-8000-000000000004","categoryId":"09020fba-3c0b-4b8e-a78b-5238d7f1a478","title":"2016 Honda Civic EX, one owner","description":"One-owner Civic EX with service records from a Buckhead shop. Clean title, cold air, and new front brakes this spring. No accidents reported.","priceCents":1450000,"condition":"Good","status":"PUBLISHED","neighborhood":"Buckhead","city":"Atlanta","radiusMiles":null,"pickupAvailable":true,"deliveryAvailable":false,"shippingAvailable":false,"createdAt":"2026-09-23T14:00:00.000Z","updatedAt":"2026-09-23T19:50:40.794Z","deletedAt":null,"category":{"id":"09020fba-3c0b-4b8e-a78b-5238d7f1a478","name":"Vehicles","slug":"vehicles","createdAt":"2026-09-23T19:04:45.398Z"},"seller":{"id":"10000000-0000-4000-8000-000000000004","profile":{"displayName":"Aaliyah Williams","firstName":"Aaliyah","neighborhood":"Buckhead","city":"Atlanta"}},"images":[{"id":"61000000-0000-4000-8000-000000000015","listingId":"60000000-0000-4000-8000-000000000003","objectKey":"photo-1494976388531-d1058494cdd8","sortOrder":0,"createdAt":"2026-09-23T19:50:40.795Z"}]},{"id":"60000000-0000-4000-8000-000000000004","sellerId":"10000000-0000-4000-8000-000000000006","categoryId":"72e280e7-6e0e-46bf-81d5-3b80b4993656","title":"Vintage leather jacket, size M","description":"Brown leather jacket, size medium, worn one season. Lining is intact and the zipper works. Pickup in Little Five Points on evenings and weekends.","priceCents":12000,"condition":"Like New","status":"PUBLISHED","neighborhood":"Little Five Points","city":"Atlanta","radiusMiles":null,"pickupAvailable":true,"deliveryAvailable":false,"shippingAvailable":false,"createdAt":"2026-09-23T13:00:00.000Z","updatedAt":"2026-09-23T19:50:40.796Z","deletedAt":null,"category":{"id":"72e280e7-6e0e-46bf-81d5-3b80b4993656","name":"Clothing & Accessories","slug":"clothing-accessories","createdAt":"2026-09-23T19:04:45.388Z"},"seller":{"id":"10000000-0000-4000-8000-000000000006","profile":{"displayName":"Sofia Martinez","firstName":"Sofia","neighborhood":"Little Five Points","city":"Atlanta"}},"images":[{"id":"61000000-0000-4000-8000-00000000001f","listingId":"60000000-0000-4000-8000-000000000004","objectKey":"photo-1551028719-00167b16eac5","sortOrder":0,"createdAt":"2026-09-23T19:50:40.797Z"}]},{"id":"60000000-0000-4000-8000-000000000005","sellerId":"10000000-0000-4000-8000-000000000007","categoryId":"d716f7fe-6c15-4f57-80ce-7edc0d7f180f","title":"Trek Marlin 7 mountain bike","description":"Medium Trek Marlin 7, recently tuned in East Atlanta. Hydraulic brakes and a lock-on grip set. Ready to ride. Helmet not included.","priceCents":56000,"condition":"Good","status":"PUBLISHED","neighborhood":"East Atlanta","city":"Atlanta","radiusMiles":null,"pickupAvailable":true,"deliveryAvailable":false,"shippingAvailable":false,"createdAt":"2026-09-23T12:00:00.000Z","updatedAt":"2026-09-23T19:50:40.798Z","deletedAt":null,"category":{"id":"d716f7fe-6c15-4f57-80ce-7edc0d7f180f","name":"Sports & Outdoors","slug":"sports-outdoors","createdAt":"2026-09-23T19:04:45.405Z"},"seller":{"id":"10000000-0000-4000-8000-000000000007","profile":{"displayName":"Tyler Brooks","firstName":"Tyler","neighborhood":"East Atlanta","city":"Atlanta"}},"images":[{"id":"61000000-0000-4000-8000-000000000029","listingId":"60000000-0000-4000-8000-000000000005","objectKey":"photo-1558618666-fcd25c85cd64","sortOrder":0,"createdAt":"2026-09-23T19:50:40.799Z"},{"id":"61000000-0000-4000-8000-00000000002a","listingId":"60000000-0000-4000-8000-000000000005","objectKey":"photo-1571068316344-75bc76f77890","sortOrder":1,"createdAt":"2026-09-23T19:50:40.800Z"}]},{"id":"60000000-0000-4000-8000-000000000006","sellerId":"10000000-0000-4000-8000-000000000005","categoryId":"59179644-c211-40e3-866a-d55e9e9715ed","title":"Handmade ceramic dinner set for four","description":"Four dinner plates, four bowls, and four mugs from a Grant Park studio shelf. One mug has a small glaze skip on the foot. Food safe.","priceCents":8500,"condition":"Like New","status":"PUBLISHED","neighborhood":"Grant Park","city":"Atlanta","radiusMiles":null,"pickupAvailable":true,"deliveryAvailable":false,"shippingAvailable":false,"createdAt":"2026-09-23T11:00:00.000Z","updatedAt":"2026-09-23T19:50:40.801Z","deletedAt":null,"category":{"id":"59179644-c211-40e3-866a-d55e9e9715ed","name":"Home & Garden","slug":"home-garden","createdAt":"2026-09-23T19:04:45.431Z"},"seller":{"id":"10000000-0000-4000-8000-000000000005","profile":{"displayName":"James Rivera","firstName":"James","neighborhood":"Grant Park","city":"Atlanta"}},"images":[{"id":"61000000-0000-4000-8000-000000000033","listingId":"60000000-0000-4000-8000-000000000006","objectKey":"photo-1610701596007-11502861dcfa","sortOrder":0,"createdAt":"2026-09-23T19:50:40.803Z"},{"id":"61000000-0000-4000-8000-000000000034","listingId":"60000000-0000-4000-8000-000000000006","objectKey":"photo-1565193566173-7a0ee3dbe261","sortOrder":1,"createdAt":"2026-09-23T19:50:40.803Z"}]},{"id":"60000000-0000-4000-8000-000000000007","sellerId":"10000000-0000-4000-8000-000000000008","categoryId":"2838a775-16bc-4f09-909f-979a354eb9c5","title":"Covered parking spot in Westside, month to month","description":"One covered parking pad behind a Westside house. Month to month, no overnight guests stored on the pad. Available October 1.","priceCents":12500,"condition":"Good","status":"PUBLISHED","neighborhood":"Westside","city":"Atlanta","radiusMiles":null,"pickupAvailable":true,"deliveryAvailable":false,"shippingAvailable":false,"createdAt":"2026-09-22T18:00:00.000Z","updatedAt":"2026-09-23T19:50:40.804Z","deletedAt":null,"category":{"id":"2838a775-16bc-4f09-909f-979a354eb9c5","name":"Housing","slug":"housing","createdAt":"2026-09-23T19:04:45.454Z"},"seller":{"id":"10000000-0000-4000-8000-000000000008","profile":{"displayName":"Nadia Okonkwo","firstName":"Nadia","neighborhood":"Westside","city":"Atlanta"}},"images":[{"id":"61000000-0000-4000-8000-00000000003d","listingId":"60000000-0000-4000-8000-000000000007","objectKey":"photo-1507089947368-19c1da9775ae","sortOrder":0,"createdAt":"2026-09-23T19:50:40.808Z"}]},{"id":"60000000-0000-4000-8000-000000000008","sellerId":"10000000-0000-4000-8000-000000000009","categoryId":"f20a2008-9aab-4b73-8a98-705d93ace976","title":"Three-hour deep clean, Decatur homes","description":"A three-hour deep clean for a Decatur apartment or small house. Supplies included. Weekday mornings. Message with the address and a preferred date.","priceCents":12000,"condition":"New","status":"PUBLISHED","neighborhood":"Decatur","city":"Atlanta","radiusMiles":null,"pickupAvailable":true,"deliveryAvailable":false,"shippingAvailable":false,"createdAt":"2026-09-22T16:00:00.000Z","updatedAt":"2026-09-23T19:50:40.809Z","deletedAt":null,"category":{"id":"f20a2008-9aab-4b73-8a98-705d93ace976","name":"Services","slug":"services","createdAt":"2026-09-23T19:04:45.459Z"},"seller":{"id":"10000000-0000-4000-8000-000000000009","profile":{"displayName":"Rosa Mendez","firstName":"Rosa","neighborhood":"Decatur","city":"Atlanta"}},"images":[{"id":"61000000-0000-4000-8000-000000000047","listingId":"60000000-0000-4000-8000-000000000008","objectKey":"photo-1527515545081-5db817172677","sortOrder":0,"createdAt":"2026-09-23T19:50:40.810Z"}]},{"id":"60000000-0000-4000-8000-000000000009","sellerId":"10000000-0000-4000-8000-000000000007","categoryId":"e5fb7249-b479-4e19-a3db-91f9edc5b261","title":"Saturday market stall helper, East Atlanta","description":"Need one helper for a Saturday market stall in East Atlanta. Four hours, cash at the end of the shift. Must be able to lift a folding table.","priceCents":8000,"condition":"New","status":"PUBLISHED","neighborhood":"East Atlanta","city":"Atlanta","radiusMiles":null,"pickupAvailable":true,"deliveryAvailable":false,"shippingAvailable":false,"createdAt":"2026-09-22T14:00:00.000Z","updatedAt":"2026-09-23T19:50:40.811Z","deletedAt":null,"category":{"id":"e5fb7249-b479-4e19-a3db-91f9edc5b261","name":"Jobs","slug":"jobs","createdAt":"2026-09-23T19:04:45.468Z"},"seller":{"id":"10000000-0000-4000-8000-000000000007","profile":{"displayName":"Tyler Brooks","firstName":"Tyler","neighborhood":"East Atlanta","city":"Atlanta"}},"images":[{"id":"61000000-0000-4000-8000-000000000051","listingId":"60000000-0000-4000-8000-000000000009","objectKey":"photo-1488459716781-31db52582fe9","sortOrder":0,"createdAt":"2026-09-23T19:50:40.812Z"}]},{"id":"60000000-0000-4000-8000-000000000010","sellerId":"10000000-0000-4000-8000-000000000001","categoryId":"0a2f1883-6ac5-459f-9d8e-a7433cf8ad9f","title":"Push mower and string trimmer, Decatur","description":"Gas push mower and a string trimmer from a Decatur shed. Both start on the second pull. Sold together. Pickup only, cash or app.","priceCents":14000,"condition":"Good","status":"PUBLISHED","neighborhood":"Decatur","city":"Atlanta","radiusMiles":null,"pickupAvailable":true,"deliveryAvailable":false,"shippingAvailable":false,"createdAt":"2026-09-20T12:00:00.000Z","updatedAt":"2026-09-23T19:50:40.814Z","deletedAt":null,"category":{"id":"0a2f1883-6ac5-459f-9d8e-a7433cf8ad9f","name":"Tools & Equipment","slug":"tools-equipment","createdAt":"2026-09-23T19:04:45.441Z"},"seller":{"id":"10000000-0000-4000-8000-000000000001","profile":{"displayName":"Marcus Johnson","firstName":"Marcus","neighborhood":"Decatur","city":"Atlanta"}},"images":[{"id":"61000000-0000-4000-8000-00000000005b","listingId":"60000000-0000-4000-8000-000000000010","objectKey":"photo-1416879595882-3373a0480b5b","sortOrder":0,"createdAt":"2026-09-23T19:50:40.815Z"},{"id":"61000000-0000-4000-8000-00000000005c","listingId":"60000000-0000-4000-8000-000000000010","objectKey":"photo-1621905252507-b35492cc74b4","sortOrder":1,"createdAt":"2026-09-23T19:50:40.816Z"}]}]
=== categories ===
[{"id":"09c564d6-0521-471a-b090-eed16a1a5c3b","name":"Art & Collectibles","slug":"art-collectibles","listingCount":0},{"id":"757aaad1-efc8-49cc-8a93-766303b89802","name":"Books & Media","slug":"books-media","listingCount":0},{"id":"72e280e7-6e0e-46bf-81d5-3b80b4993656","name":"Clothing & Accessories","slug":"clothing-accessories","listingCount":1},{"id":"18a5b53d-5bb9-46bb-b1d9-d3f32ed6b7fd","name":"Electronics","slug":"electronics","listingCount":1},{"id":"4d101bae-c2bf-4f1b-8026-936e3c565757","name":"Furniture","slug":"furniture","listingCount":1},{"id":"59179644-c211-40e3-866a-d55e9e9715ed","name":"Home & Garden","slug":"home-garden","listingCount":1},{"id":"2838a775-16bc-4f09-909f-979a354eb9c5","name":"Housing","slug":"housing","listingCount":1},{"id":"e5fb7249-b479-4e19-a3db-91f9edc5b261","name":"Jobs","slug":"jobs","listingCount":1},{"id":"86500a58-0dc8-4be5-ac88-78d96809da90","name":"Musical Instruments","slug":"musical-instruments","listingCount":0},{"id":"536c0ca7-29e5-4430-91c0-a629c9e5f353","name":"Other","slug":"other","listingCount":0},{"id":"f20a2008-9aab-4b73-8a98-705d93ace976","name":"Services","slug":"services","listingCount":1},{"id":"d716f7fe-6c15-4f57-80ce-7edc0d7f180f","name":"Sports & Outdoors","slug":"sports-outdoors","listingCount":1},{"id":"0a2f1883-6ac5-459f-9d8e-a7433cf8ad9f","name":"Tools & Equipment","slug":"tools-equipment","listingCount":1},{"id":"f06de81f-2e9f-4576-82d9-d1b2cb86b2a5","name":"Toys & Games","slug":"toys-games","listingCount":0},{"id":"09020fba-3c0b-4b8e-a78b-5238d7f1a478","name":"Vehicles","slug":"vehicles","listingCount":1}]
=== vite ===
vite_http:200
